// Jest Snapshot v1, https://goo.gl/fbAQLP

exports[`Pruebas en <GridGif /> debe de mostrar items cuando se cargan las imagenes useFetchGifs 1`] = `
<Fragment>
  <h3
    className="animate__animated animate__fadeIn"
  >
    Goku
  </h3>
  <p
    className="animate__animated animate__flash"
  >
    Loading
  </p>
  <div
    className="cardGrid"
  />
</Fragment>
`;

exports[`Pruebas en <GridGif /> debe mostrar el componente correctamente 1`] = `
<Fragment>
  <h3
    className="animate__animated animate__fadeIn"
  >
    Goku
  </h3>
  <p
    className="animate__animated animate__flash"
  >
    Loading
  </p>
  <div
    className="cardGrid"
  />
</Fragment>
`;
